
> portfoliovideo@0.1.0 build
> next build

⚠ Warning: Next.js inferred your workspace root, but it may not be correct.
 We detected multiple lockfiles and selected the directory of C:\Users\rohan\package-lock.json as the root directory.
 To silence this warning, set `turbopack.root` in your Next.js config, or consider removing one of the lockfiles if it's not needed.
   See https://nextjs.org/docs/app/api-reference/config/next-config-js/turbopack#root-directory for more information.
 Detected additional lockfiles: 
   * C:\Users\rohan\Desktop\portfoliovideo\package-lock.json

▲ Next.js 16.1.3 (Turbopack)

  Creating an optimized production build ...

> Build error occurred
Error: Turbopack build failed with 2 errors:
./Desktop/portfoliovideo/app/components/herosection/ToolBox.jsx:1:10
Ecmascript file had an error
[0m[31m[1m>[22m[39m[90m 1 |[39m [36mimport[39m { useEffect[33m,[39m useRef } [36mfrom[39m [32m"react"[39m[33m;[39m
 [90m   |[39m          [31m[1m^[22m[39m[31m[1m^[22m[39m[31m[1m^[22m[39m[31m[1m^[22m[39m[31m[1m^[22m[39m[31m[1m^[22m[39m[31m[1m^[22m[39m[31m[1m^[22m[39m[31m[1m^[22m[39m
 [90m 2 |[39m [36mimport[39m { gsap } [36mfrom[39m [32m"gsap"[39m[33m;[39m
 [90m 3 |[39m [36mimport[39m { [33mScrollTrigger[39m } [36mfrom[39m [32m"gsap/ScrollTrigger"[39m[33m;[39m
 [90m 4 |[39m [36mimport[39m [32m"./ToolBox.css"[39m[33m;[39m[0m

You're importing a component that needs `useEffect`. This React Hook only works in a Client Component. To fix, mark the file (or its parent) with the `"use client"` directive.

 Learn more: https://nextjs.org/docs/app/api-reference/directives/use-client



Import traces:
  Server Component:
    ./Desktop/portfoliovideo/app/components/herosection/ToolBox.jsx
    ./Desktop/portfoliovideo/app/components/homepage/page.jsx

  Client Component Browser:
    ./Desktop/portfoliovideo/app/components/herosection/ToolBox.jsx [Client Component Browser]
    ./Desktop/portfoliovideo/app/components/homepage/page.jsx [Client Component Browser]
    ./Desktop/portfoliovideo/app/page.js [Client Component Browser]
    ./Desktop/portfoliovideo/app/page.js [Server Component]

  Client Component SSR:
    ./Desktop/portfoliovideo/app/components/herosection/ToolBox.jsx [Client Component SSR]
    ./Desktop/portfoliovideo/app/components/homepage/page.jsx [Client Component SSR]
    ./Desktop/portfoliovideo/app/page.js [Client Component SSR]
    ./Desktop/portfoliovideo/app/page.js [Server Component]


./Desktop/portfoliovideo/app/components/herosection/ToolBox.jsx:1:21
Ecmascript file had an error
[0m[31m[1m>[22m[39m[90m 1 |[39m [36mimport[39m { useEffect[33m,[39m useRef } [36mfrom[39m [32m"react"[39m[33m;[39m
 [90m   |[39m                     [31m[1m^[22m[39m[31m[1m^[22m[39m[31m[1m^[22m[39m[31m[1m^[22m[39m[31m[1m^[22m[39m[31m[1m^[22m[39m
 [90m 2 |[39m [36mimport[39m { gsap } [36mfrom[39m [32m"gsap"[39m[33m;[39m
 [90m 3 |[39m [36mimport[39m { [33mScrollTrigger[39m } [36mfrom[39m [32m"gsap/ScrollTrigger"[39m[33m;[39m
 [90m 4 |[39m [36mimport[39m [32m"./ToolBox.css"[39m[33m;[39m[0m

You're importing a component that needs `useRef`. This React Hook only works in a Client Component. To fix, mark the file (or its parent) with the `"use client"` directive.

 Learn more: https://nextjs.org/docs/app/api-reference/directives/use-client



Import traces:
  Server Component:
    ./Desktop/portfoliovideo/app/components/herosection/ToolBox.jsx
    ./Desktop/portfoliovideo/app/components/homepage/page.jsx

  Client Component Browser:
    ./Desktop/portfoliovideo/app/components/herosection/ToolBox.jsx [Client Component Browser]
    ./Desktop/portfoliovideo/app/components/homepage/page.jsx [Client Component Browser]
    ./Desktop/portfoliovideo/app/page.js [Client Component Browser]
    ./Desktop/portfoliovideo/app/page.js [Server Component]

  Client Component SSR:
    ./Desktop/portfoliovideo/app/components/herosection/ToolBox.jsx [Client Component SSR]
    ./Desktop/portfoliovideo/app/components/homepage/page.jsx [Client Component SSR]
    ./Desktop/portfoliovideo/app/page.js [Client Component SSR]
    ./Desktop/portfoliovideo/app/page.js [Server Component]


    at <unknown> (./Desktop/portfoliovideo/app/components/herosection/ToolBox.jsx:1:10)
    at <unknown> (./Desktop/portfoliovideo/app/components/herosection/ToolBox.jsx:1:21)
